// Jest Snapshot v1, https://goo.gl/fbAQLP

exports[`::AssetIdPage renders as an error 1`] = `
<div>
  <p
    data-testid="error"
  >
    An error occurred on client
  </p>
</div>
`;

exports[`::AssetIdPage with asset renders 1`] = `
<div>
  <div
    class="w-full h-auto min-h-full overflow-x-hidden m-auto ml-0 z-10 transition transform duration-200"
    id="AssetPage"
  >
    <div
      class="container mx-auto pt-10"
    >
      <div
        class="flex flex-col items-center md:justify-center md:flex-row h-auto px-10"
      >
        <div
          class="w-full md:w-2/5"
        >
          <div
            class="relative flex justify-center asset-img w-full h-auto border p-4 pb-16 border-none"
          >
            <div
              class="absolute flex justify-evenly w-full bottom-5 t-img-btn"
            />
          </div>
        </div>
        <div
          class="w-full md:w-3/5 md:px-10"
        >
          <div
            class="text-sm text-white overflow-auto"
          >
            <h4
              class="inline-flex text-primary mb-4"
            >
              <div
                class="h-4 mr-3 rounded-lg overflow-hidden"
              >
                <img
                  alt="none"
                  class="collection-img"
                  src="https://ipfs.hivebp.io/ipfs/test-image.svg"
                />
              </div>
              <a
                class="block focus-visible:ring-1 focus-visible:ring-inset focus-visible:ring-primary cursor-pointer"
                href="/collection/test-collection"
              >
                <div
                  class="NextLink"
                >
                  test-collection
                </div>
              </a>
            </h4>
            <h2
              class="text-left text-white text-3xl font-bold mb-4"
            >
              Test-Asset
               
              <span
                class="font-normal italic"
              >
                #
                3
              </span>
            </h2>
            <div
              class="font-normal text-lg leading-5 mb-8"
            >
              <span
                class="opacity-70"
              >
                Owned by
              </span>
               
              test-owner.wam
            </div>
            <table
              class="w-full my-auto text-lg font-normal"
            >
              <tbody>
                <tr>
                  <td
                    class="text-left w-1/3"
                  >
                    ID:
                  </td>
                  <td
                    class="text-right overflow-x-auto leading-5 max-w-td"
                  >
                    test-id
                  </td>
                </tr>
                <tr>
                  <td
                    class="text-left w-1/3"
                  >
                    Issued Supply:
                  </td>
                  <td
                    class="text-right overflow-x-auto leading-5 max-w-td"
                  >
                    <div
                      class="inline-flex leading-6"
                    >
                      2
                    </div>
                  </td>
                </tr>
                <tr>
                  <td
                    class="text-left w-1/3"
                  >
                    Schema:
                  </td>
                  <td
                    class="text-right overflow-x-auto leading-5 max-w-td"
                  >
                    test-schema
                  </td>
                </tr>
                <tr>
                  <td
                    class="text-left w-1/3"
                  >
                    Minted at:
                  </td>
                  <td
                    class="text-right overflow-x-auto leading-5 max-w-td"
                  >
                    2001-02-01 00:00:00
                  </td>
                </tr>
              </tbody>
            </table>
          </div>
        </div>
      </div>
      <div
        class="mt-20 mb-20 leading-10 text-center"
      >
        <div
          class="relative h-1/2 t-0 m-auto"
        >
          <a
            class="text-primary"
            href="https://wax.atomichub.io/explorer/asset/test-id"
          >
            View on Atomichub
          </a>
        </div>
      </div>
    </div>
  </div>
</div>
`;
