// Jest Snapshot v1, https://goo.gl/fbAQLP

exports[`::AuctionIdPage renders as an error 1`] = `
<div>
  <p
    data-testid="error"
  >
    An error occurred on client
  </p>
</div>
`;

exports[`::AuctionIdPage with auction renders 1`] = `
<div>
  <div
    class="w-full h-auto min-h-full overflow-x-hidden m-auto ml-0 z-10 transition transform duration-200"
  >
    <div
      class="container mx-auto pt-10"
    >
      <div
        class="grid grid-cols-6 gap-10 h-auto w-full"
      >
        <div
          class="col-start-2 col-span-2"
        >
          <div
            class="relative flex justify-center asset-img w-full h-auto border p-4 pb-16 border-none"
          >
            <div
              class="absolute flex justify-evenly w-full bottom-5 t-img-btn"
            />
          </div>
        </div>
        <div
          class="col-span-2"
        >
          <div
            class="text-sm text-white overflow-auto"
          >
            <h4
              class="inline-flex text-primary mb-4"
            >
              <div
                class="h-4 mr-3 rounded-lg overflow-hidden"
              >
                <img
                  alt="none"
                  class="collection-img"
                  src="https://ipfs.hivebp.io/ipfs/test-image.svg"
                />
              </div>
              <a
                class="block focus-visible:ring-1 focus-visible:ring-inset focus-visible:ring-primary cursor-pointer"
                href="/collection/test-collection"
              >
                <div
                  class="NextLink"
                >
                  test-collection
                </div>
              </a>
            </h4>
            <h2
              class="text-left text-white text-3xl font-bold mb-4"
            >
              Test-Asset
               
              <span
                class="font-normal italic"
              >
                #
                3
              </span>
            </h2>
            <div
              class="font-normal text-lg leading-5 mb-8"
            >
              <span
                class="opacity-70"
              >
                Owned by
              </span>
               
              test-owner.wam
            </div>
            <table
              class="w-full my-auto text-lg font-normal"
            >
              <tbody>
                <tr>
                  <td
                    class="text-left w-1/3"
                  >
                    ID:
                  </td>
                  <td
                    class="text-right overflow-x-auto leading-5 max-w-td"
                  >
                    test-id
                  </td>
                </tr>
                <tr>
                  <td
                    class="text-left w-1/3"
                  >
                    Issued Supply:
                  </td>
                  <td
                    class="text-right overflow-x-auto leading-5 max-w-td"
                  >
                    <div
                      class="inline-flex leading-6"
                    >
                      2
                    </div>
                  </td>
                </tr>
                <tr>
                  <td
                    class="text-left w-1/3"
                  >
                    Schema:
                  </td>
                  <td
                    class="text-right overflow-x-auto leading-5 max-w-td"
                  >
                    test-schema
                  </td>
                </tr>
                <tr>
                  <td
                    class="text-left w-1/3"
                  >
                    Minted at:
                  </td>
                  <td
                    class="text-right overflow-x-auto leading-5 max-w-td"
                  >
                    2001-02-01 00:00:00
                  </td>
                </tr>
              </tbody>
            </table>
          </div>
        </div>
      </div>
      <div
        class="relative w-full h-20 mt-auto flex flex-wrap justify-between block"
      >
        
        
        
        
        
        
        
        <div
          class="relative h-auto w-full text-center font-bold text-white flex flex-col"
        >
          <div
            class="relative py-0 px-1 text-md w-full"
          >
            0 WAX
          </div>
          <div
            class="flex flex-col bg-primary py-1 px-8 text-secondary mt-3 mb-3 mx-auto cursor-pointer text-sm font-bold leading-relaxed uppercase rounded-3xl outline-none"
          >
            BID (LOGIN)
          </div>
        </div>
        
        
      </div>
      <div />
      <div
        class="relative mt-20 mb-20 text-center"
      >
        <div
          class="m-auto h-1/4 leading-10"
        >
          <a
            class="text-primary"
            href="https://wax.atomichub.io/market/auction/test-auction-id"
          >
            View on Atomichub
          </a>
        </div>
      </div>
    </div>
  </div>
</div>
`;
